  Project01.cpp
D:\Computer_Grapics\CG_Practice\CG_Practice_Project\Project01.cpp(360,36): warning C4018: '>=': signed 또는 unsigned가 일치하지 않습니다.
D:\Computer_Grapics\CG_Practice\CG_Practice_Project\Project01.cpp(381,21): warning C4244: '초기화 중': 'double'에서 'float'(으)로 변환하면서 데이터가 손실될 수 있습니다.
D:\Computer_Grapics\CG_Practice\CG_Practice_Project\Project01.cpp(416,30): warning C4244: '초기화 중': 'double'에서 'float'(으)로 변환하면서 데이터가 손실될 수 있습니다.
D:\Computer_Grapics\CG_Practice\CG_Practice_Project\Project01.cpp(417,30): warning C4244: '초기화 중': 'double'에서 'float'(으)로 변환하면서 데이터가 손실될 수 있습니다.
D:\Computer_Grapics\CG_Practice\CG_Practice_Project\Project01.cpp(527,14): warning C4244: '초기화 중': 'int'에서 'float'(으)로 변환하면서 데이터가 손실될 수 있습니다.
D:\Computer_Grapics\CG_Practice\CG_Practice_Project\Project01.cpp(528,14): warning C4244: '초기화 중': 'int'에서 'float'(으)로 변환하면서 데이터가 손실될 수 있습니다.
D:\Computer_Grapics\CG_Practice\CG_Practice_Project\Project01.cpp(529,14): warning C4244: '초기화 중': 'int'에서 'float'(으)로 변환하면서 데이터가 손실될 수 있습니다.
D:\Computer_Grapics\CG_Practice\CG_Practice_Project\Project01.cpp(530,14): warning C4244: '초기화 중': 'int'에서 'float'(으)로 변환하면서 데이터가 손실될 수 있습니다.
D:\Computer_Grapics\CG_Practice\CG_Practice_Project\Project01.cpp(549,42): warning C4244: '인수': 'int'에서 'GLfloat'(으)로 변환하면서 데이터가 손실될 수 있습니다.
D:\Computer_Grapics\CG_Practice\CG_Practice_Project\Project01.cpp(550,56): warning C4244: '인수': 'int'에서 'GLfloat'(으)로 변환하면서 데이터가 손실될 수 있습니다.
D:\Computer_Grapics\CG_Practice\CG_Practice_Project\Project01.cpp(550,42): warning C4244: '인수': 'int'에서 'GLfloat'(으)로 변환하면서 데이터가 손실될 수 있습니다.
D:\Computer_Grapics\CG_Practice\CG_Practice_Project\Project01.cpp(551,48): warning C4244: '인수': 'int'에서 'GLfloat'(으)로 변환하면서 데이터가 손실될 수 있습니다.
D:\Computer_Grapics\CG_Practice\CG_Practice_Project\Project01.cpp(651,25): warning C4244: '초기화 중': 'double'에서 'float'(으)로 변환하면서 데이터가 손실될 수 있습니다.
D:\Computer_Grapics\CG_Practice\CG_Practice_Project\Project01.cpp(661,21): warning C4244: '초기화 중': 'double'에서 'float'(으)로 변환하면서 데이터가 손실될 수 있습니다.
D:\Computer_Grapics\CG_Practice\CG_Practice_Project\Project01.cpp(662,23): warning C4244: '초기화 중': 'double'에서 'float'(으)로 변환하면서 데이터가 손실될 수 있습니다.
  코드를 생성하고 있습니다.
  1 of 643 functions ( 0.2%) were compiled, the rest were copied from previous compilation.
    0 functions were new in current compilation
    8 functions had inline decision re-evaluated but remain unchanged
  코드를 생성했습니다.
  CG_Practice_Project.vcxproj -> D:\Computer_Grapics\CG_Practice\Release\CG_Practice_Project.exe
